{
  "version": "1.5.0",
  "plugins_used": [
    {
      "name": "ArtifactoryDetector"
    },
    {
      "name": "AWSKeyDetector"
    },
    {
      "name": "AzureStorageKeyDetector"
    },
    {
      "name": "Base64HighEntropyString",
      "limit": 4.5
    },
    {
      "name": "BasicAuthDetector"
    },
    {
      "name": "CloudantDetector"
    },
    {
      "name": "DiscordBotTokenDetector"
    },
    {
      "name": "GitHubTokenDetector"
    },
    {
      "name": "GitLabTokenDetector"
    },
    {
      "name": "HexHighEntropyString",
      "limit": 3.0
    },
    {
      "name": "IbmCloudIamDetector"
    },
    {
      "name": "IbmCosHmacDetector"
    },
    {
      "name": "IPPublicDetector"
    },
    {
      "name": "JwtTokenDetector"
    },
    {
      "name": "KeywordDetector",
      "keyword_exclude": ""
    },
    {
      "name": "MailchimpDetector"
    },
    {
      "name": "NpmDetector"
    },
    {
      "name": "OpenAIDetector"
    },
    {
      "name": "PrivateKeyDetector"
    },
    {
      "name": "PypiTokenDetector"
    },
    {
      "name": "SendGridDetector"
    },
    {
      "name": "SlackDetector"
    },
    {
      "name": "SoftlayerDetector"
    },
    {
      "name": "SquareOAuthDetector"
    },
    {
      "name": "StripeDetector"
    },
    {
      "name": "TelegramBotTokenDetector"
    },
    {
      "name": "TwilioKeyDetector"
    }
  ],
  "filters_used": [
    {
      "path": "detect_secrets.filters.allowlist.is_line_allowlisted"
    },
    {
      "path": "detect_secrets.filters.common.is_baseline_file",
      "filename": ".secrets.baseline"
    },
    {
      "path": "detect_secrets.filters.common.is_ignored_due_to_verification_policies",
      "min_level": 2
    },
    {
      "path": "detect_secrets.filters.heuristic.is_indirect_reference"
    },
    {
      "path": "detect_secrets.filters.heuristic.is_likely_id_string"
    },
    {
      "path": "detect_secrets.filters.heuristic.is_lock_file"
    },
    {
      "path": "detect_secrets.filters.heuristic.is_not_alphanumeric_string"
    },
    {
      "path": "detect_secrets.filters.heuristic.is_potential_uuid"
    },
    {
      "path": "detect_secrets.filters.heuristic.is_prefixed_with_dollar_sign"
    },
    {
      "path": "detect_secrets.filters.heuristic.is_sequential_string"
    },
    {
      "path": "detect_secrets.filters.heuristic.is_swagger_file"
    },
    {
      "path": "detect_secrets.filters.heuristic.is_templated_secret"
    },
    {
      "path": "detect_secrets.filters.regex.should_exclude_file",
      "pattern": [
        "\\.env$|\\.json$|\\.csv$|\\.md$|\\.zip$"
      ]
    }
  ],
  "results": {
    "examples/weekly-trade-strategy/.claude/skills/earnings-calendar/scripts/fetch_earnings_fmp.py": [
      {
        "type": "Secret Keyword",
        "filename": "examples/weekly-trade-strategy/.claude/skills/earnings-calendar/scripts/fetch_earnings_fmp.py",
        "hashed_secret": "6d9c68c603e465077bdd49c62347fe54717f83a3",
        "is_verified": false,
        "line_number": 10
      }
    ],
    "examples/weekly-trade-strategy/skills/earnings-calendar/scripts/fetch_earnings_fmp.py": [
      {
        "type": "Secret Keyword",
        "filename": "examples/weekly-trade-strategy/skills/earnings-calendar/scripts/fetch_earnings_fmp.py",
        "hashed_secret": "6d9c68c603e465077bdd49c62347fe54717f83a3",
        "is_verified": false,
        "line_number": 10
      }
    ],
    "skills/earnings-calendar/scripts/fetch_earnings_fmp.py": [
      {
        "type": "Secret Keyword",
        "filename": "skills/earnings-calendar/scripts/fetch_earnings_fmp.py",
        "hashed_secret": "6d9c68c603e465077bdd49c62347fe54717f83a3",
        "is_verified": false,
        "line_number": 10
      }
    ],
    "skills/earnings-calendar/scripts/tests/test_earnings_calendar.py": [
      {
        "type": "Secret Keyword",
        "filename": "skills/earnings-calendar/scripts/tests/test_earnings_calendar.py",
        "hashed_secret": "9139236dfe89960fee34d53b6089795fe376682e",
        "is_verified": false,
        "line_number": 25
      }
    ],
    "skills/market-top-detector/scripts/tests/test_fmp_client.py": [
      {
        "type": "Secret Keyword",
        "filename": "skills/market-top-detector/scripts/tests/test_fmp_client.py",
        "hashed_secret": "00942f4668670f34c5943cf52c7ef3139fe2b8d6",
        "is_verified": false,
        "line_number": 17
      }
    ],
    "skills/portfolio-manager/scripts/check_alpaca_connection.py": [
      {
        "type": "Secret Keyword",
        "filename": "skills/portfolio-manager/scripts/check_alpaca_connection.py",
        "hashed_secret": "2b09a01471fdbc34d584c57b6347eea4d44099fd",
        "is_verified": false,
        "line_number": 37
      },
      {
        "type": "Secret Keyword",
        "filename": "skills/portfolio-manager/scripts/check_alpaca_connection.py",
        "hashed_secret": "bfc5221616fd29387d7413aeb41401391dceefa8",
        "is_verified": false,
        "line_number": 38
      }
    ],
    "skills/theme-detector/scripts/tests/test_etf_scanner.py": [
      {
        "type": "Secret Keyword",
        "filename": "skills/theme-detector/scripts/tests/test_etf_scanner.py",
        "hashed_secret": "00942f4668670f34c5943cf52c7ef3139fe2b8d6",
        "is_verified": false,
        "line_number": 120
      }
    ],
    "skills/theme-detector/scripts/tests/test_representative_stock_selector.py": [
      {
        "type": "Secret Keyword",
        "filename": "skills/theme-detector/scripts/tests/test_representative_stock_selector.py",
        "hashed_secret": "a62f2225bf70bfaccbc7f1ef2a397836717377de",
        "is_verified": false,
        "line_number": 779
      }
    ],
    "skills/theme-detector/scripts/tests/test_theme_detector_e2e.py": [
      {
        "type": "Secret Keyword",
        "filename": "skills/theme-detector/scripts/tests/test_theme_detector_e2e.py",
        "hashed_secret": "b9615cef6cff3572af1365ff44c8b92ea9266f3e",
        "is_verified": false,
        "line_number": 413
      }
    ]
  },
  "generated_at": "2026-03-23T22:25:16Z"
}
